Case #1: testCase1
Case #2: testCase2
Case #3: testCase3
